ARM Linker, 4.1 [Build 481] [Standard]

==============================================================================

Section Cross References

    main.o(.text) refers to app_usart1.o(.text) for uasrt1_init
    main.o(.text) refers to app_tft.o(.text) for tft_init
    main.o(.text) refers to app_tetris.o(.text) for systick_init
    main.o(.text) refers to rand.o(.text) for rand
    main.o(.text) refers to main.o(.data) for CurX
    main.o(.data) refers to main.o(.conststring) for .conststring
    stm32f10x_it.o(.text) refers to app_tetris.o(.text) for mov_able
    stm32f10x_it.o(.text) refers to app_tft.o(.text) for ssd1289_set_bkclor
    stm32f10x_it.o(.text) refers to stm32f10x_exti.o(.text) for EXTI_GetITStatus
    stm32f10x_it.o(.text) refers to rand.o(.text) for rand
    stm32f10x_it.o(.text) refers to stm32f10x_gpio.o(.text) for GPIO_ReadInputDataBit
    stm32f10x_it.o(.text) refers to stm32f10x_it.o(.data) for Scanb
    stm32f10x_it.o(.text) refers to main.o(.data) for Lift
    stm32f10x_it.o(.text) refers to app_tetris.o(.data) for Boxs
    app_usart1.o(.text) refers to stm32f10x_rcc.o(.text) for RCC_APB2PeriphClockCmd
    app_usart1.o(.text) refers to stm32f10x_gpio.o(.text) for GPIO_Init
    app_usart1.o(.text) refers to stm32f10x_usart.o(.text) for USART_Init
    app_tft.o(.text) refers to stm32f10x_rcc.o(.text) for RCC_APB2PeriphClockCmd
    app_tft.o(.text) refers to stm32f10x_gpio.o(.text) for GPIO_Init
    app_tft.o(.text) refers to stm32f10x_exti.o(.text) for EXTI_Init
    app_tft.o(.text) refers to misc.o(.text) for NVIC_PriorityGroupConfig
    app_tft.o(.text) refers to stm32f10x_fsmc.o(.text) for FSMC_NORSRAMStructInit
    app_tft.o(.text) refers to app_tft.o(.constdata) for ascii_8x16
    app_tft.o(.text) refers to fflti.o(.text) for __aeabi_i2f
    app_tft.o(.text) refers to fdiv.o(.text) for __aeabi_fdiv
    app_tft.o(.text) refers to ffltui.o(.text) for __aeabi_ui2f
    app_tft.o(.text) refers to fadd.o(.text) for __aeabi_frsub
    app_tft.o(.text) refers to fmul.o(.text) for __aeabi_fmul
    app_tft.o(.text) refers to ffixui.o(.text) for __aeabi_f2uiz
    app_tft.o(.text) refers to cfrcmple.o(.text) for __aeabi_cfrcmple
    app_tft.o(.text) refers to dflti.o(.text) for __aeabi_i2d
    app_tft.o(.text) refers to ddiv.o(.text) for __aeabi_ddiv
    app_tft.o(.text) refers to dmul.o(.text) for __aeabi_dmul
    app_tft.o(.text) refers to dadd.o(.text) for __aeabi_drsub
    app_tft.o(.text) refers to dfixui.o(.text) for __aeabi_d2uiz
    app_tetris.o(.text) refers to app_tft.o(.text) for ssd1289_putchs
    app_tetris.o(.text) refers to app_tetris.o(.bss) for Table_board
    app_tetris.o(.text) refers to app_tetris.o(.data) for Boxs
    system_stm32f10x.o(.text) refers to system_stm32f10x.o(.data) for SystemCoreClock
    startup_stm32f10x_hd.o(RESET) refers to startup_stm32f10x_hd.o(STACK) for __initial_sp
    startup_stm32f10x_hd.o(RESET) refers to startup_stm32f10x_hd.o(.text) for Reset_Handler
    startup_stm32f10x_hd.o(RESET) refers to stm32f10x_it.o(.text) for NMI_Handler
    startup_stm32f10x_hd.o(.text) refers to system_stm32f10x.o(.text) for SystemInit
    startup_stm32f10x_hd.o(.text) refers to entry.o(.ARM.Collect$$$$00000000) for __main
    stm32f10x_usart.o(.text) refers to stm32f10x_rcc.o(.text) for RCC_APB2PeriphResetCmd
    stm32f10x_rcc.o(.text) refers to stm32f10x_rcc.o(.data) for APBAHBPrescTable
    stm32f10x_gpio.o(.text) refers to stm32f10x_rcc.o(.text) for RCC_APB2PeriphResetCmd
    entry.o(.ARM.Collect$$$$00000000) refers (Special) to entry7.o(.ARM.Collect$$$$00000007) for _main_init
    entry.o(.ARM.Collect$$$$00000000) refers (Special) to entry5.o(.ARM.Collect$$$$00000004) for _main_scatterload
    entry.o(.ARM.Collect$$$$00000000) refers (Special) to entry2.o(.ARM.Collect$$$$00000001) for _main_stk
    rand.o(.text) refers to rand.o(.data) for .data
    fadd.o(.text) refers (Special) to iusefp.o(.text) for __I$use$fp
    fadd.o(.text) refers to fepilogue.o(.text) for _float_epilogue
    fmul.o(.text) refers (Special) to iusefp.o(.text) for __I$use$fp
    fdiv.o(.text) refers (Special) to iusefp.o(.text) for __I$use$fp
    fdiv.o(.text) refers to fepilogue.o(.text) for _float_round
    dadd.o(.text) refers (Special) to iusefp.o(.text) for __I$use$fp
    dadd.o(.text) refers to llshl.o(.text) for __aeabi_llsl
    dadd.o(.text) refers to llsshr.o(.text) for __aeabi_lasr
    dadd.o(.text) refers to depilogue.o(.text) for _double_epilogue
    dmul.o(.text) refers (Special) to iusefp.o(.text) for __I$use$fp
    dmul.o(.text) refers to depilogue.o(.text) for _double_epilogue
    ddiv.o(.text) refers (Special) to iusefp.o(.text) for __I$use$fp
    ddiv.o(.text) refers to depilogue.o(.text) for _double_round
    fflti.o(.text) refers (Special) to iusefp.o(.text) for __I$use$fp
    fflti.o(.text) refers to fepilogue.o(.text) for _float_epilogue
    ffltui.o(.text) refers (Special) to iusefp.o(.text) for __I$use$fp
    ffltui.o(.text) refers to fepilogue.o(.text) for _float_epilogue
    dflti.o(.text) refers (Special) to iusefp.o(.text) for __I$use$fp
    dflti.o(.text) refers to depilogue.o(.text) for _double_epilogue
    ffixui.o(.text) refers (Special) to iusefp.o(.text) for __I$use$fp
    dfixui.o(.text) refers (Special) to iusefp.o(.text) for __I$use$fp
    dfixui.o(.text) refers to llushr.o(.text) for __aeabi_llsr
    cfrcmple.o(.text) refers (Special) to iusefp.o(.text) for __I$use$fp
    entry2.o(.ARM.Collect$$$$00000001) refers to entry2.o(.ARM.Collect$$$$00002712) for __lit__00000000
    entry2.o(.ARM.Collect$$$$00002712) refers to startup_stm32f10x_hd.o(STACK) for __initial_sp
    entry2.o(__vectab_stack_and_reset_area) refers to startup_stm32f10x_hd.o(STACK) for __initial_sp
    entry2.o(__vectab_stack_and_reset_area) refers to entry.o(.ARM.Collect$$$$00000000) for __main
    entry5.o(.ARM.Collect$$$$00000004) refers to init.o(.text) for __scatterload
    entry7.o(.ARM.Collect$$$$00000007) refers to main.o(.text) for main
    depilogue.o(.text) refers to llshl.o(.text) for __aeabi_llsl
    depilogue.o(.text) refers to llushr.o(.text) for __aeabi_llsr
    init.o(.text) refers to entry5.o(.ARM.Collect$$$$00000004) for __main_after_scatterload


==============================================================================

Removing Unused input sections from the image.

    Removing core_cm3.o(.emb_text), (32 bytes).
    Removing startup_stm32f10x_hd.o(HEAP), (512 bytes).

2 unused section(s) (total 544 bytes) removed from the image.

==============================================================================

Image Symbol Table

    Local Symbols

    Symbol Name                              Value     Ov Type        Size  Object(Section)

    ../../microlib/fpadd.c                   0x00000000   Number         0  dadd.o ABSOLUTE
    ../../microlib/fpadd.c                   0x00000000   Number         0  fadd.o ABSOLUTE
    ../../microlib/fpdiv.c                   0x00000000   Number         0  fdiv.o ABSOLUTE
    ../../microlib/fpdiv.c                   0x00000000   Number         0  ddiv.o ABSOLUTE
    ../../microlib/fpepilogue.c              0x00000000   Number         0  depilogue.o ABSOLUTE
    ../../microlib/fpepilogue.c              0x00000000   Number         0  fepilogue.o ABSOLUTE
    ../../microlib/fpfix.c                   0x00000000   Number         0  dfixui.o ABSOLUTE
    ../../microlib/fpfix.c                   0x00000000   Number         0  ffixui.o ABSOLUTE
    ../../microlib/fpflt.c                   0x00000000   Number         0  ffltui.o ABSOLUTE
    ../../microlib/fpflt.c                   0x00000000   Number         0  fflti.o ABSOLUTE
    ../../microlib/fpflt.c                   0x00000000   Number         0  dflti.o ABSOLUTE
    ../../microlib/fpmul.c                   0x00000000   Number         0  dmul.o ABSOLUTE
    ../../microlib/fpmul.c                   0x00000000   Number         0  fmul.o ABSOLUTE
    ../../microlib/init/entry.s              0x00000000   Number         0  entry5.o ABSOLUTE
    ../../microlib/init/entry.s              0x00000000   Number         0  entry7.o ABSOLUTE
    ../../microlib/init/entry.s              0x00000000   Number         0  entry.o ABSOLUTE
    ../../microlib/init/entry.s              0x00000000   Number         0  entry2.o ABSOLUTE
    ../../microlib/longlong.c                0x00000000   Number         0  llushr.o ABSOLUTE
    ../../microlib/longlong.c                0x00000000   Number         0  llshl.o ABSOLUTE
    ../../microlib/longlong.c                0x00000000   Number         0  llsshr.o ABSOLUTE
    ../../microlib/stdlib/rand.c             0x00000000   Number         0  rand.o ABSOLUTE
    ../../microlib/stubs.s                   0x00000000   Number         0  iusefp.o ABSOLUTE
    CMSIS\CM3\core_cm3.c                     0x00000000   Number         0  core_cm3.o ABSOLUTE
    CMSIS\CM3\startup\startup_stm32f10x_hd.s 0x00000000   Number         0  startup_stm32f10x_hd.o ABSOLUTE
    CMSIS\CM3\system_stm32f10x.c             0x00000000   Number         0  system_stm32f10x.o ABSOLUTE
    CMSIS\\CM3\\core_cm3.c                   0x00000000   Number         0  core_cm3.o ABSOLUTE
    STM32Lib\src\misc.c                      0x00000000   Number         0  misc.o ABSOLUTE
    STM32Lib\src\stm32f10x_exti.c            0x00000000   Number         0  stm32f10x_exti.o ABSOLUTE
    STM32Lib\src\stm32f10x_fsmc.c            0x00000000   Number         0  stm32f10x_fsmc.o ABSOLUTE
    STM32Lib\src\stm32f10x_gpio.c            0x00000000   Number         0  stm32f10x_gpio.o ABSOLUTE
    STM32Lib\src\stm32f10x_rcc.c             0x00000000   Number         0  stm32f10x_rcc.o ABSOLUTE
    STM32Lib\src\stm32f10x_usart.c           0x00000000   Number         0  stm32f10x_usart.o ABSOLUTE
    app\app_tetris.c                         0x00000000   Number         0  app_tetris.o ABSOLUTE
    app\app_tft.c                            0x00000000   Number         0  app_tft.o ABSOLUTE
    app\app_usart1.c                         0x00000000   Number         0  app_usart1.o ABSOLUTE
    app\main.c                               0x00000000   Number         0  main.o ABSOLUTE
    app\stm32f10x_it.c                       0x00000000   Number         0  stm32f10x_it.o ABSOLUTE
    cfrcmple.s                               0x00000000   Number         0  cfrcmple.o ABSOLUTE
    dc.s                                     0x00000000   Number         0  dc.o ABSOLUTE
    handlers.s                               0x00000000   Number         0  handlers.o ABSOLUTE
    init.s                                   0x00000000   Number         0  init.o ABSOLUTE
    RESET                                    0x08000000   Section      304  startup_stm32f10x_hd.o(RESET)
    .ARM.Collect$$$$00000000                 0x08000130   Section        0  entry.o(.ARM.Collect$$$$00000000)
    .ARM.Collect$$$$00000001                 0x08000130   Section        4  entry2.o(.ARM.Collect$$$$00000001)
    .ARM.Collect$$$$00000004                 0x08000134   Section        4  entry5.o(.ARM.Collect$$$$00000004)
    .ARM.Collect$$$$00000007                 0x08000138   Section        8  entry7.o(.ARM.Collect$$$$00000007)
    .ARM.Collect$$$$00002712                 0x08000140   Section        4  entry2.o(.ARM.Collect$$$$00002712)
    __lit__00000000                          0x08000140   Data           4  entry2.o(.ARM.Collect$$$$00002712)
    .text                                    0x08000144   Section        0  main.o(.text)
    .text                                    0x0800024c   Section        0  stm32f10x_it.o(.text)
    .text                                    0x08000934   Section        0  app_usart1.o(.text)
    .text                                    0x080009e0   Section        0  app_tft.o(.text)
    .text                                    0x08001544   Section        0  app_tetris.o(.text)
    .text                                    0x08001f4c   Section        0  system_stm32f10x.o(.text)
    SetSysClockTo72                          0x08001f4d   Thumb Code   192  system_stm32f10x.o(.text)
    SetSysClock                              0x0800200d   Thumb Code     8  system_stm32f10x.o(.text)
    .text                                    0x08002114   Section       36  startup_stm32f10x_hd.o(.text)
    .text                                    0x08002138   Section        0  stm32f10x_exti.o(.text)
    .text                                    0x08002274   Section        0  stm32f10x_fsmc.o(.text)
    .text                                    0x0800288c   Section        0  misc.o(.text)
    .text                                    0x08002984   Section        0  stm32f10x_usart.o(.text)
    .text                                    0x08002d90   Section        0  stm32f10x_rcc.o(.text)
    .text                                    0x08003134   Section        0  stm32f10x_gpio.o(.text)
    .text                                    0x0800348c   Section        0  rand.o(.text)
    .text                                    0x080034b0   Section        0  fadd.o(.text)
    .text                                    0x08003560   Section        0  fmul.o(.text)
    .text                                    0x080035cc   Section        0  fdiv.o(.text)
    .text                                    0x0800364c   Section        0  dadd.o(.text)
    .text                                    0x08003796   Section        0  dmul.o(.text)
    .text                                    0x08003878   Section        0  ddiv.o(.text)
    .text                                    0x08003956   Section        0  fflti.o(.text)
    .text                                    0x08003968   Section        0  ffltui.o(.text)
    .text                                    0x08003972   Section        0  dflti.o(.text)
    .text                                    0x08003994   Section        0  ffixui.o(.text)
    .text                                    0x080039bc   Section        0  dfixui.o(.text)
    .text                                    0x080039ec   Section       20  cfrcmple.o(.text)
    .text                                    0x08003a00   Section        0  llshl.o(.text)
    .text                                    0x08003a1e   Section        0  llushr.o(.text)
    .text                                    0x08003a3e   Section        0  llsshr.o(.text)
    .text                                    0x08003a62   Section        0  fepilogue.o(.text)
    .text                                    0x08003a62   Section        0  iusefp.o(.text)
    .text                                    0x08003ad2   Section        0  depilogue.o(.text)
    .text                                    0x08003b94   Section       36  init.o(.text)
    i.__scatterload_copy                     0x08003bb8   Section       14  handlers.o(i.__scatterload_copy)
    i.__scatterload_null                     0x08003bc6   Section        2  handlers.o(i.__scatterload_null)
    i.__scatterload_zeroinit                 0x08003bc8   Section       14  handlers.o(i.__scatterload_zeroinit)
    .constdata                               0x08003bd6   Section     6096  app_tft.o(.constdata)
    .conststring                             0x080053a6   Section       10  main.o(.conststring)
    .data                                    0x20000000   Section       17  main.o(.data)
    .data                                    0x20000012   Section        8  stm32f10x_it.o(.data)
    Scanb                                    0x20000012   Data           1  stm32f10x_it.o(.data)
    Scanb2                                   0x20000013   Data           1  stm32f10x_it.o(.data)
    sec                                      0x20000014   Data           1  stm32f10x_it.o(.data)
    x                                        0x20000016   Data           2  stm32f10x_it.o(.data)
    y                                        0x20000018   Data           2  stm32f10x_it.o(.data)
    .data                                    0x2000001a   Section      114  app_tetris.o(.data)
    .data                                    0x2000008c   Section       20  system_stm32f10x.o(.data)
    .data                                    0x200000a0   Section       20  stm32f10x_rcc.o(.data)
    APBAHBPrescTable                         0x200000a0   Data          16  stm32f10x_rcc.o(.data)
    ADCPrescTable                            0x200000b0   Data           4  stm32f10x_rcc.o(.data)
    .data                                    0x200000b4   Section        4  rand.o(.data)
    _rand_state                              0x200000b4   Data           4  rand.o(.data)
    .bss                                     0x200000b8   Section      504  app_tetris.o(.bss)
    STACK                                    0x200002b0   Section     1024  startup_stm32f10x_hd.o(STACK)

    Global Symbols

    Symbol Name                              Value     Ov Type        Size  Object(Section)

    BuildAttributes$$THM_ISAv4$P$D$K$B$S$PE$A:L22UL41UL21$X:L11$S22US41US21$IEEE1$IW$USESV6$~STKCKD$USESV7$~SHL$OTIME$ROPI$EBA8$MICROLIB$REQ8$PRES8$EABIv2 0x00000000   Number         0  anon$$obj.o ABSOLUTE
    __ARM_use_no_argv                        0x00000000   Number         0  main.o ABSOLUTE
    __decompress                              - Undefined Weak Reference
    __Vectors_Size                           0x00000130   Number         0  startup_stm32f10x_hd.o ABSOLUTE
    __Vectors                                0x08000000   Data           4  startup_stm32f10x_hd.o(RESET)
    __Vectors_End                            0x08000130   Data           0  startup_stm32f10x_hd.o(RESET)
    __main                                   0x08000131   Thumb Code     0  entry.o(.ARM.Collect$$$$00000000)
    _main_stk                                0x08000131   Thumb Code     0  entry2.o(.ARM.Collect$$$$00000001)
    _main_scatterload                        0x08000135   Thumb Code     0  entry5.o(.ARM.Collect$$$$00000004)
    __main_after_scatterload                 0x08000139   Thumb Code     0  entry5.o(.ARM.Collect$$$$00000004)
    _main_init                               0x08000139   Thumb Code     0  entry7.o(.ARM.Collect$$$$00000007)
    main                                     0x08000145   Thumb Code   214  main.o(.text)
    NMI_Handler                              0x0800024d   Thumb Code     2  stm32f10x_it.o(.text)
    HardFault_Handler                        0x0800024f   Thumb Code     4  stm32f10x_it.o(.text)
    MemManage_Handler                        0x08000253   Thumb Code     4  stm32f10x_it.o(.text)
    BusFault_Handler                         0x08000257   Thumb Code     4  stm32f10x_it.o(.text)
    UsageFault_Handler                       0x0800025b   Thumb Code     4  stm32f10x_it.o(.text)
    SVC_Handler                              0x0800025f   Thumb Code     2  stm32f10x_it.o(.text)
    DebugMon_Handler                         0x08000261   Thumb Code     2  stm32f10x_it.o(.text)
    PendSV_Handler                           0x08000263   Thumb Code     2  stm32f10x_it.o(.text)
    SysTick_Handler                          0x08000265   Thumb Code   650  stm32f10x_it.o(.text)
    EXTI9_5_IRQHandler                       0x080004ef   Thumb Code  1030  stm32f10x_it.o(.text)
    uasrt1_init                              0x08000935   Thumb Code   118  app_usart1.o(.text)
    fputc                                    0x080009ab   Thumb Code    20  app_usart1.o(.text)
    fgetc                                    0x080009bf   Thumb Code    20  app_usart1.o(.text)
    ssd1289_write_reg                        0x080009e1   Thumb Code    10  app_tft.o(.text)
    tft_init                                 0x080009eb   Thumb Code   796  app_tft.o(.text)
    ssd1289_set_cursor                       0x08000d07   Thumb Code    24  app_tft.o(.text)
    ssd1289_set_point                        0x08000d1f   Thumb Code    46  app_tft.o(.text)
    ssd1289_set_bkclor                       0x08000d4d   Thumb Code    46  app_tft.o(.text)
    ssd1289_putchar                          0x08000d7b   Thumb Code   200  app_tft.o(.text)
    ssd1289_putchs                           0x08000e43   Thumb Code    74  app_tft.o(.text)
    ssd1289_putchx                           0x08000e8d   Thumb Code   176  app_tft.o(.text)
    ssd1289_putchxs                          0x08000f3d   Thumb Code    74  app_tft.o(.text)
    ssd1289_square_full                      0x08000f87   Thumb Code    92  app_tft.o(.text)
    ssd1289_square_line                      0x08000fe3   Thumb Code   108  app_tft.o(.text)
    ssd1289_draw_line                        0x0800104f   Thumb Code   222  app_tft.o(.text)
    ssd1289_draw                             0x0800112d   Thumb Code   152  app_tft.o(.text)
    ssd1289_test                             0x080011c5   Thumb Code    94  app_tft.o(.text)
    ads7843_send_cmd                         0x08001223   Thumb Code   126  app_tft.o(.text)
    ads7843_read_data                        0x080012a1   Thumb Code    84  app_tft.o(.text)
    ads7843_getxy                            0x080012f5   Thumb Code   572  app_tft.o(.text)
    systick_init                             0x08001545   Thumb Code    48  app_tetris.o(.text)
    show_point                               0x08001575   Thumb Code   116  app_tetris.o(.text)
    frame_init                               0x080015e9   Thumb Code   404  app_tetris.o(.text)
    show_box                                 0x0800177d   Thumb Code   380  app_tetris.o(.text)
    eraser_box                               0x080018f9   Thumb Code   398  app_tetris.o(.text)
    mov_able                                 0x08001a87   Thumb Code   438  app_tetris.o(.text)
    updata_board                             0x08001c3d   Thumb Code   776  app_tetris.o(.text)
    SystemInit                               0x08002015   Thumb Code    78  system_stm32f10x.o(.text)
    SystemCoreClockUpdate                    0x08002063   Thumb Code   142  system_stm32f10x.o(.text)
    Reset_Handler                            0x08002115   Thumb Code     8  startup_stm32f10x_hd.o(.text)
    ADC1_2_IRQHandler                        0x0800212f   Thumb Code     0  startup_stm32f10x_hd.o(.text)
    ADC3_IRQHandler                          0x0800212f   Thumb Code     0  startup_stm32f10x_hd.o(.text)
    CAN1_RX1_IRQHandler                      0x0800212f   Thumb Code     0  startup_stm32f10x_hd.o(.text)
    CAN1_SCE_IRQHandler                      0x0800212f   Thumb Code     0  startup_stm32f10x_hd.o(.text)
    DMA1_Channel1_IRQHandler                 0x0800212f   Thumb Code     0  startup_stm32f10x_hd.o(.text)
    DMA1_Channel2_IRQHandler                 0x0800212f   Thumb Code     0  startup_stm32f10x_hd.o(.text)
    DMA1_Channel3_IRQHandler                 0x0800212f   Thumb Code     0  startup_stm32f10x_hd.o(.text)
    DMA1_Channel4_IRQHandler                 0x0800212f   Thumb Code     0  startup_stm32f10x_hd.o(.text)
    DMA1_Channel5_IRQHandler                 0x0800212f   Thumb Code     0  startup_stm32f10x_hd.o(.text)
    DMA1_Channel6_IRQHandler                 0x0800212f   Thumb Code     0  startup_stm32f10x_hd.o(.text)
    DMA1_Channel7_IRQHandler                 0x0800212f   Thumb Code     0  startup_stm32f10x_hd.o(.text)
    DMA2_Channel1_IRQHandler                 0x0800212f   Thumb Code     0  startup_stm32f10x_hd.o(.text)
    DMA2_Channel2_IRQHandler                 0x0800212f   Thumb Code     0  startup_stm32f10x_hd.o(.text)
    DMA2_Channel3_IRQHandler                 0x0800212f   Thumb Code     0  startup_stm32f10x_hd.o(.text)
    DMA2_Channel4_5_IRQHandler               0x0800212f   Thumb Code     0  startup_stm32f10x_hd.o(.text)
    EXTI0_IRQHandler                         0x0800212f   Thumb Code     0  startup_stm32f10x_hd.o(.text)
    EXTI15_10_IRQHandler                     0x0800212f   Thumb Code     0  startup_stm32f10x_hd.o(.text)
    EXTI1_IRQHandler                         0x0800212f   Thumb Code     0  startup_stm32f10x_hd.o(.text)
    EXTI2_IRQHandler                         0x0800212f   Thumb Code     0  startup_stm32f10x_hd.o(.text)
    EXTI3_IRQHandler                         0x0800212f   Thumb Code     0  startup_stm32f10x_hd.o(.text)
    EXTI4_IRQHandler                         0x0800212f   Thumb Code     0  startup_stm32f10x_hd.o(.text)
    FLASH_IRQHandler                         0x0800212f   Thumb Code     0  startup_stm32f10x_hd.o(.text)
    FSMC_IRQHandler                          0x0800212f   Thumb Code     0  startup_stm32f10x_hd.o(.text)
    I2C1_ER_IRQHandler                       0x0800212f   Thumb Code     0  startup_stm32f10x_hd.o(.text)
    I2C1_EV_IRQHandler                       0x0800212f   Thumb Code     0  startup_stm32f10x_hd.o(.text)
    I2C2_ER_IRQHandler                       0x0800212f   Thumb Code     0  startup_stm32f10x_hd.o(.text)
    I2C2_EV_IRQHandler                       0x0800212f   Thumb Code     0  startup_stm32f10x_hd.o(.text)
    PVD_IRQHandler                           0x0800212f   Thumb Code     0  startup_stm32f10x_hd.o(.text)
    RCC_IRQHandler                           0x0800212f   Thumb Code     0  startup_stm32f10x_hd.o(.text)
    RTCAlarm_IRQHandler                      0x0800212f   Thumb Code     0  startup_stm32f10x_hd.o(.text)
    RTC_IRQHandler                           0x0800212f   Thumb Code     0  startup_stm32f10x_hd.o(.text)
    SDIO_IRQHandler                          0x0800212f   Thumb Code     0  startup_stm32f10x_hd.o(.text)
    SPI1_IRQHandler                          0x0800212f   Thumb Code     0  startup_stm32f10x_hd.o(.text)
    SPI2_IRQHandler                          0x0800212f   Thumb Code     0  startup_stm32f10x_hd.o(.text)
    SPI3_IRQHandler                          0x0800212f   Thumb Code     0  startup_stm32f10x_hd.o(.text)
    TAMPER_IRQHandler                        0x0800212f   Thumb Code     0  startup_stm32f10x_hd.o(.text)
    TIM1_BRK_IRQHandler                      0x0800212f   Thumb Code     0  startup_stm32f10x_hd.o(.text)
    TIM1_CC_IRQHandler                       0x0800212f   Thumb Code     0  startup_stm32f10x_hd.o(.text)
    TIM1_TRG_COM_IRQHandler                  0x0800212f   Thumb Code     0  startup_stm32f10x_hd.o(.text)
    TIM1_UP_IRQHandler                       0x0800212f   Thumb Code     0  startup_stm32f10x_hd.o(.text)
    TIM2_IRQHandler                          0x0800212f   Thumb Code     0  startup_stm32f10x_hd.o(.text)
    TIM3_IRQHandler                          0x0800212f   Thumb Code     0  startup_stm32f10x_hd.o(.text)
    TIM4_IRQHandler                          0x0800212f   Thumb Code     0  startup_stm32f10x_hd.o(.text)
    TIM5_IRQHandler                          0x0800212f   Thumb Code     0  startup_stm32f10x_hd.o(.text)
    TIM6_IRQHandler                          0x0800212f   Thumb Code     0  startup_stm32f10x_hd.o(.text)
    TIM7_IRQHandler                          0x0800212f   Thumb Code     0  startup_stm32f10x_hd.o(.text)
    TIM8_BRK_IRQHandler                      0x0800212f   Thumb Code     0  startup_stm32f10x_hd.o(.text)
    TIM8_CC_IRQHandler                       0x0800212f   Thumb Code     0  startup_stm32f10x_hd.o(.text)
    TIM8_TRG_COM_IRQHandler                  0x0800212f   Thumb Code     0  startup_stm32f10x_hd.o(.text)
    TIM8_UP_IRQHandler                       0x0800212f   Thumb Code     0  startup_stm32f10x_hd.o(.text)
    UART4_IRQHandler                         0x0800212f   Thumb Code     0  startup_stm32f10x_hd.o(.text)
    UART5_IRQHandler                         0x0800212f   Thumb Code     0  startup_stm32f10x_hd.o(.text)
    USART1_IRQHandler                        0x0800212f   Thumb Code     0  startup_stm32f10x_hd.o(.text)
    USART2_IRQHandler                        0x0800212f   Thumb Code     0  startup_stm32f10x_hd.o(.text)
    USART3_IRQHandler                        0x0800212f   Thumb Code     0  startup_stm32f10x_hd.o(.text)
    USBWakeUp_IRQHandler                     0x0800212f   Thumb Code     0  startup_stm32f10x_hd.o(.text)
    USB_HP_CAN1_TX_IRQHandler                0x0800212f   Thumb Code     0  startup_stm32f10x_hd.o(.text)
    USB_LP_CAN1_RX0_IRQHandler               0x0800212f   Thumb Code     0  startup_stm32f10x_hd.o(.text)
    WWDG_IRQHandler                          0x0800212f   Thumb Code     0  startup_stm32f10x_hd.o(.text)
    EXTI_DeInit                              0x08002139   Thumb Code    30  stm32f10x_exti.o(.text)
    EXTI_Init                                0x08002157   Thumb Code   160  stm32f10x_exti.o(.text)
    EXTI_StructInit                          0x080021f7   Thumb Code    16  stm32f10x_exti.o(.text)
    EXTI_GenerateSWInterrupt                 0x08002207   Thumb Code    16  stm32f10x_exti.o(.text)
    EXTI_GetFlagStatus                       0x08002217   Thumb Code    20  stm32f10x_exti.o(.text)
    EXTI_ClearFlag                           0x0800222b   Thumb Code     6  stm32f10x_exti.o(.text)
    EXTI_GetITStatus                         0x08002231   Thumb Code    34  stm32f10x_exti.o(.text)
    EXTI_ClearITPendingBit                   0x08002253   Thumb Code     6  stm32f10x_exti.o(.text)
    FSMC_NORSRAMDeInit                       0x08002275   Thumb Code    56  stm32f10x_fsmc.o(.text)
    FSMC_NANDDeInit                          0x080022ad   Thumb Code    62  stm32f10x_fsmc.o(.text)
    FSMC_PCCARDDeInit                        0x080022eb   Thumb Code    40  stm32f10x_fsmc.o(.text)
    FSMC_NORSRAMInit                         0x08002313   Thumb Code   224  stm32f10x_fsmc.o(.text)
    FSMC_NANDInit                            0x080023f3   Thumb Code   130  stm32f10x_fsmc.o(.text)
    FSMC_PCCARDInit                          0x08002475   Thumb Code   124  stm32f10x_fsmc.o(.text)
    FSMC_NORSRAMStructInit                   0x080024f1   Thumb Code   114  stm32f10x_fsmc.o(.text)
    FSMC_NANDStructInit                      0x08002563   Thumb Code    54  stm32f10x_fsmc.o(.text)
    FSMC_PCCARDStructInit                    0x08002599   Thumb Code    60  stm32f10x_fsmc.o(.text)
    FSMC_NORSRAMCmd                          0x080025d5   Thumb Code    46  stm32f10x_fsmc.o(.text)
    FSMC_NANDCmd                             0x08002603   Thumb Code    86  stm32f10x_fsmc.o(.text)
    FSMC_PCCARDCmd                           0x08002659   Thumb Code    40  stm32f10x_fsmc.o(.text)
    FSMC_NANDECCCmd                          0x08002681   Thumb Code   118  stm32f10x_fsmc.o(.text)
    FSMC_GetECC                              0x080026f7   Thumb Code    22  stm32f10x_fsmc.o(.text)
    FSMC_ITConfig                            0x0800270d   Thumb Code   128  stm32f10x_fsmc.o(.text)
    FSMC_GetFlagStatus                       0x0800278d   Thumb Code    48  stm32f10x_fsmc.o(.text)
    FSMC_ClearFlag                           0x080027bd   Thumb Code    62  stm32f10x_fsmc.o(.text)
    FSMC_GetITStatus                         0x080027fb   Thumb Code    60  stm32f10x_fsmc.o(.text)
    FSMC_ClearITPendingBit                   0x08002837   Thumb Code    64  stm32f10x_fsmc.o(.text)
    NVIC_PriorityGroupConfig                 0x0800288d   Thumb Code    10  misc.o(.text)
    NVIC_Init                                0x08002897   Thumb Code   118  misc.o(.text)
    NVIC_SetVectorTable                      0x0800290d   Thumb Code    12  misc.o(.text)
    NVIC_SystemLPConfig                      0x08002919   Thumb Code    38  misc.o(.text)
    SysTick_CLKSourceConfig                  0x0800293f   Thumb Code    40  misc.o(.text)
    USART_DeInit                             0x08002985   Thumb Code   134  stm32f10x_usart.o(.text)
    USART_Init                               0x08002a0b   Thumb Code   210  stm32f10x_usart.o(.text)
    USART_StructInit                         0x08002add   Thumb Code    24  stm32f10x_usart.o(.text)
    USART_ClockInit                          0x08002af5   Thumb Code    34  stm32f10x_usart.o(.text)
    USART_ClockStructInit                    0x08002b17   Thumb Code    12  stm32f10x_usart.o(.text)
    USART_Cmd                                0x08002b23   Thumb Code    24  stm32f10x_usart.o(.text)
    USART_ITConfig                           0x08002b3b   Thumb Code    74  stm32f10x_usart.o(.text)
    USART_DMACmd                             0x08002b85   Thumb Code    24  stm32f10x_usart.o(.text)
    USART_SetAddress                         0x08002b9d   Thumb Code    18  stm32f10x_usart.o(.text)
    USART_WakeUpConfig                       0x08002baf   Thumb Code    18  stm32f10x_usart.o(.text)
    USART_ReceiverWakeUpCmd                  0x08002bc1   Thumb Code    24  stm32f10x_usart.o(.text)
    USART_LINBreakDetectLengthConfig         0x08002bd9   Thumb Code    18  stm32f10x_usart.o(.text)
    USART_LINCmd                             0x08002beb   Thumb Code    24  stm32f10x_usart.o(.text)
    USART_SendData                           0x08002c03   Thumb Code     8  stm32f10x_usart.o(.text)
    USART_ReceiveData                        0x08002c0b   Thumb Code    10  stm32f10x_usart.o(.text)
    USART_SendBreak                          0x08002c15   Thumb Code    10  stm32f10x_usart.o(.text)
    USART_SetGuardTime                       0x08002c1f   Thumb Code    16  stm32f10x_usart.o(.text)
    USART_SetPrescaler                       0x08002c2f   Thumb Code    16  stm32f10x_usart.o(.text)
    USART_SmartCardCmd                       0x08002c3f   Thumb Code    24  stm32f10x_usart.o(.text)
    USART_SmartCardNACKCmd                   0x08002c57   Thumb Code    24  stm32f10x_usart.o(.text)
    USART_HalfDuplexCmd                      0x08002c6f   Thumb Code    24  stm32f10x_usart.o(.text)
    USART_OverSampling8Cmd                   0x08002c87   Thumb Code    22  stm32f10x_usart.o(.text)
    USART_OneBitMethodCmd                    0x08002c9d   Thumb Code    24  stm32f10x_usart.o(.text)
    USART_IrDAConfig                         0x08002cb5   Thumb Code    18  stm32f10x_usart.o(.text)
    USART_IrDACmd                            0x08002cc7   Thumb Code    24  stm32f10x_usart.o(.text)
    USART_GetFlagStatus                      0x08002cdf   Thumb Code    26  stm32f10x_usart.o(.text)
    USART_ClearFlag                          0x08002cf9   Thumb Code    18  stm32f10x_usart.o(.text)
    USART_GetITStatus                        0x08002d0b   Thumb Code    84  stm32f10x_usart.o(.text)
    USART_ClearITPendingBit                  0x08002d5f   Thumb Code    50  stm32f10x_usart.o(.text)
    RCC_DeInit                               0x08002d91   Thumb Code    64  stm32f10x_rcc.o(.text)
    RCC_HSEConfig                            0x08002dd1   Thumb Code    70  stm32f10x_rcc.o(.text)
    RCC_GetFlagStatus                        0x08002e17   Thumb Code    56  stm32f10x_rcc.o(.text)
    RCC_WaitForHSEStartUp                    0x08002e4f   Thumb Code    48  stm32f10x_rcc.o(.text)
    RCC_AdjustHSICalibrationValue            0x08002e7f   Thumb Code    20  stm32f10x_rcc.o(.text)
    RCC_HSICmd                               0x08002e93   Thumb Code     6  stm32f10x_rcc.o(.text)
    RCC_PLLConfig                            0x08002e99   Thumb Code    24  stm32f10x_rcc.o(.text)
    RCC_PLLCmd                               0x08002eb1   Thumb Code     6  stm32f10x_rcc.o(.text)
    RCC_SYSCLKConfig                         0x08002eb7   Thumb Code    18  stm32f10x_rcc.o(.text)
    RCC_GetSYSCLKSource                      0x08002ec9   Thumb Code    10  stm32f10x_rcc.o(.text)
    RCC_HCLKConfig                           0x08002ed3   Thumb Code    18  stm32f10x_rcc.o(.text)
    RCC_PCLK1Config                          0x08002ee5   Thumb Code    18  stm32f10x_rcc.o(.text)
    RCC_PCLK2Config                          0x08002ef7   Thumb Code    20  stm32f10x_rcc.o(.text)
    RCC_ITConfig                             0x08002f0b   Thumb Code    30  stm32f10x_rcc.o(.text)
    RCC_USBCLKConfig                         0x08002f29   Thumb Code     6  stm32f10x_rcc.o(.text)
    RCC_ADCCLKConfig                         0x08002f2f   Thumb Code    18  stm32f10x_rcc.o(.text)
    RCC_LSEConfig                            0x08002f41   Thumb Code    44  stm32f10x_rcc.o(.text)
    RCC_LSICmd                               0x08002f6d   Thumb Code     6  stm32f10x_rcc.o(.text)
    RCC_RTCCLKConfig                         0x08002f73   Thumb Code    12  stm32f10x_rcc.o(.text)
    RCC_RTCCLKCmd                            0x08002f7f   Thumb Code     6  stm32f10x_rcc.o(.text)
    RCC_GetClocksFreq                        0x08002f85   Thumb Code   192  stm32f10x_rcc.o(.text)
    RCC_AHBPeriphClockCmd                    0x08003045   Thumb Code    26  stm32f10x_rcc.o(.text)
    RCC_APB2PeriphClockCmd                   0x0800305f   Thumb Code    26  stm32f10x_rcc.o(.text)
    RCC_APB1PeriphClockCmd                   0x08003079   Thumb Code    26  stm32f10x_rcc.o(.text)
    RCC_APB2PeriphResetCmd                   0x08003093   Thumb Code    26  stm32f10x_rcc.o(.text)
    RCC_APB1PeriphResetCmd                   0x080030ad   Thumb Code    26  stm32f10x_rcc.o(.text)
    RCC_BackupResetCmd                       0x080030c7   Thumb Code     6  stm32f10x_rcc.o(.text)
    RCC_ClockSecuritySystemCmd               0x080030cd   Thumb Code     6  stm32f10x_rcc.o(.text)
    RCC_MCOConfig                            0x080030d3   Thumb Code     6  stm32f10x_rcc.o(.text)
    RCC_ClearFlag                            0x080030d9   Thumb Code    14  stm32f10x_rcc.o(.text)
    RCC_GetITStatus                          0x080030e7   Thumb Code    20  stm32f10x_rcc.o(.text)
    RCC_ClearITPendingBit                    0x080030fb   Thumb Code     6  stm32f10x_rcc.o(.text)
    GPIO_DeInit                              0x08003135   Thumb Code   172  stm32f10x_gpio.o(.text)
    GPIO_AFIODeInit                          0x080031e1   Thumb Code    20  stm32f10x_gpio.o(.text)
    GPIO_Init                                0x080031f5   Thumb Code   274  stm32f10x_gpio.o(.text)
    GPIO_StructInit                          0x08003307   Thumb Code    16  stm32f10x_gpio.o(.text)
    GPIO_ReadInputDataBit                    0x08003317   Thumb Code    18  stm32f10x_gpio.o(.text)
    GPIO_ReadInputData                       0x08003329   Thumb Code     8  stm32f10x_gpio.o(.text)
    GPIO_ReadOutputDataBit                   0x08003331   Thumb Code    18  stm32f10x_gpio.o(.text)
    GPIO_ReadOutputData                      0x08003343   Thumb Code     8  stm32f10x_gpio.o(.text)
    GPIO_SetBits                             0x0800334b   Thumb Code     4  stm32f10x_gpio.o(.text)
    GPIO_ResetBits                           0x0800334f   Thumb Code     4  stm32f10x_gpio.o(.text)
    GPIO_WriteBit                            0x08003353   Thumb Code    10  stm32f10x_gpio.o(.text)
    GPIO_Write                               0x0800335d   Thumb Code     4  stm32f10x_gpio.o(.text)
    GPIO_PinLockConfig                       0x08003361   Thumb Code    18  stm32f10x_gpio.o(.text)
    GPIO_EventOutputConfig                   0x08003373   Thumb Code    26  stm32f10x_gpio.o(.text)
    GPIO_EventOutputCmd                      0x0800338d   Thumb Code     6  stm32f10x_gpio.o(.text)
    GPIO_PinRemapConfig                      0x08003393   Thumb Code   138  stm32f10x_gpio.o(.text)
    GPIO_EXTILineConfig                      0x0800341d   Thumb Code    66  stm32f10x_gpio.o(.text)
    GPIO_ETH_MediaInterfaceConfig            0x0800345f   Thumb Code     6  stm32f10x_gpio.o(.text)
    rand                                     0x0800348d   Thumb Code    20  rand.o(.text)
    srand                                    0x080034a1   Thumb Code     6  rand.o(.text)
    __aeabi_fadd                             0x080034b1   Thumb Code   164  fadd.o(.text)
    __aeabi_fsub                             0x08003555   Thumb Code     6  fadd.o(.text)
    __aeabi_frsub                            0x0800355b   Thumb Code     6  fadd.o(.text)
    __aeabi_fmul                             0x08003561   Thumb Code   108  fmul.o(.text)
    __aeabi_fdiv                             0x080035cd   Thumb Code   128  fdiv.o(.text)
    __aeabi_dadd                             0x0800364d   Thumb Code   318  dadd.o(.text)
    __aeabi_dsub                             0x0800378b   Thumb Code     6  dadd.o(.text)
    __aeabi_drsub                            0x08003791   Thumb Code     6  dadd.o(.text)
    __aeabi_dmul                             0x08003797   Thumb Code   226  dmul.o(.text)
    __aeabi_ddiv                             0x08003879   Thumb Code   222  ddiv.o(.text)
    __aeabi_i2f                              0x08003957   Thumb Code    18  fflti.o(.text)
    __aeabi_ui2f                             0x08003969   Thumb Code    10  ffltui.o(.text)
    __aeabi_i2d                              0x08003973   Thumb Code    34  dflti.o(.text)
    __aeabi_f2uiz                            0x08003995   Thumb Code    40  ffixui.o(.text)
    __aeabi_d2uiz                            0x080039bd   Thumb Code    46  dfixui.o(.text)
    __aeabi_cfrcmple                         0x080039ed   Thumb Code    20  cfrcmple.o(.text)
    __aeabi_llsl                             0x08003a01   Thumb Code    30  llshl.o(.text)
    _ll_shift_l                              0x08003a01   Thumb Code     0  llshl.o(.text)
    __aeabi_llsr                             0x08003a1f   Thumb Code    32  llushr.o(.text)
    _ll_ushift_r                             0x08003a1f   Thumb Code     0  llushr.o(.text)
    __aeabi_lasr                             0x08003a3f   Thumb Code    36  llsshr.o(.text)
    _ll_sshift_r                             0x08003a3f   Thumb Code     0  llsshr.o(.text)
    __I$use$fp                               0x08003a63   Thumb Code     0  iusefp.o(.text)
    _float_round                             0x08003a63   Thumb Code    18  fepilogue.o(.text)
    _float_epilogue                          0x08003a75   Thumb Code    94  fepilogue.o(.text)
    _double_round                            0x08003ad3   Thumb Code    26  depilogue.o(.text)
    _double_epilogue                         0x08003aed   Thumb Code   168  depilogue.o(.text)
    __scatterload                            0x08003b95   Thumb Code    28  init.o(.text)
    __scatterload_rt2                        0x08003b95   Thumb Code     0  init.o(.text)
    __scatterload_copy                       0x08003bb9   Thumb Code    14  handlers.o(i.__scatterload_copy)
    __scatterload_null                       0x08003bc7   Thumb Code     2  handlers.o(i.__scatterload_null)
    __scatterload_zeroinit                   0x08003bc9   Thumb Code    14  handlers.o(i.__scatterload_zeroinit)
    ascii_8x16                               0x08003bd6   Data        1536  app_tft.o(.constdata)
    ASCII_Table_16x24                        0x080041d6   Data        4560  app_tft.o(.constdata)
    Region$$Table$$Base                      0x080053b0   Number         0  anon$$obj.o(Region$$Table)
    Region$$Table$$Limit                     0x080053d0   Number         0  anon$$obj.o(Region$$Table)
    GameOver                                 0x20000000   Data           4  main.o(.data)
    CurX                                     0x20000004   Data           2  main.o(.data)
    CurY                                     0x20000006   Data           2  main.o(.data)
    GlNu                                     0x20000008   Data           1  main.o(.data)
    GlNextNu                                 0x20000009   Data           1  main.o(.data)
    flage                                    0x2000000a   Data           1  main.o(.data)
    gameover                                 0x2000000b   Data           1  main.o(.data)
    Lift                                     0x2000000c   Data           1  main.o(.data)
    Right                                    0x2000000d   Data           1  main.o(.data)
    Up                                       0x2000000e   Data           1  main.o(.data)
    Down                                     0x2000000f   Data           1  main.o(.data)
    point                                    0x20000010   Data           1  main.o(.data)
    Boxs                                     0x2000001a   Data         114  app_tetris.o(.data)
    SystemCoreClock                          0x2000008c   Data           4  system_stm32f10x.o(.data)
    AHBPrescTable                            0x20000090   Data          16  system_stm32f10x.o(.data)
    Table_board                              0x200000b8   Data         504  app_tetris.o(.bss)
    __initial_sp                             0x200006b0   Data           0  startup_stm32f10x_hd.o(STACK)



==============================================================================

Memory Map of the image

  Image Entry point : 0x08000131

  Load Region LR_IROM1 (Base: 0x08000000, Size: 0x00005488, Max: 0x00080000, ABSOLUTE)

    Execution Region ER_IROM1 (Base: 0x08000000, Size: 0x000053d0, Max: 0x00080000, ABSOLUTE)

    Base Addr    Size         Type   Attr      Idx    E Section Name        Object

    0x08000000   0x00000130   Data   RO          168    RESET               startup_stm32f10x_hd.o
    0x08000130   0x00000000   Code   RO          247  * .ARM.Collect$$$$00000000  mc_w.l(entry.o)(mc_w.l)
    0x08000130   0x00000004   Code   RO          277    .ARM.Collect$$$$00000001  mc_w.l(entry2.o)(mc_w.l)
    0x08000134   0x00000004   Code   RO          280    .ARM.Collect$$$$00000004  mc_w.l(entry5.o)(mc_w.l)
    0x08000138   0x00000008   Code   RO          281    .ARM.Collect$$$$00000007  mc_w.l(entry7.o)(mc_w.l)
    0x08000140   0x00000004   Code   RO          278    .ARM.Collect$$$$00002712  mc_w.l(entry2.o)(mc_w.l)
    0x08000144   0x00000108   Code   RO            1    .text               main.o
    0x0800024c   0x000006e8   Code   RO           70    .text               stm32f10x_it.o
    0x08000934   0x000000ac   Code   RO           87    .text               app_usart1.o
    0x080009e0   0x00000b64   Code   RO           99    .text               app_tft.o
    0x08001544   0x00000a08   Code   RO          117    .text               app_tetris.o
    0x08001f4c   0x000001c8   Code   RO          148    .text               system_stm32f10x.o
    0x08002114   0x00000024   Code   RO          169    .text               startup_stm32f10x_hd.o
    0x08002138   0x0000013c   Code   RO          173    .text               stm32f10x_exti.o
    0x08002274   0x00000618   Code   RO          185    .text               stm32f10x_fsmc.o
    0x0800288c   0x000000f8   Code   RO          197    .text               misc.o
    0x08002984   0x0000040c   Code   RO          209    .text               stm32f10x_usart.o
    0x08002d90   0x000003a4   Code   RO          221    .text               stm32f10x_rcc.o
    0x08003134   0x00000358   Code   RO          235    .text               stm32f10x_gpio.o
    0x0800348c   0x00000024   Code   RO          250    .text               mc_w.l(rand.o)(mc_w.l)
    0x080034b0   0x000000b0   Code   RO          253    .text               mf_w.l(fadd.o)(mf_w.l)
    0x08003560   0x0000006c   Code   RO          255    .text               mf_w.l(fmul.o)(mf_w.l)
    0x080035cc   0x00000080   Code   RO          257    .text               mf_w.l(fdiv.o)(mf_w.l)
    0x0800364c   0x0000014a   Code   RO          259    .text               mf_w.l(dadd.o)(mf_w.l)
    0x08003796   0x000000e2   Code   RO          261    .text               mf_w.l(dmul.o)(mf_w.l)
    0x08003878   0x000000de   Code   RO          263    .text               mf_w.l(ddiv.o)(mf_w.l)
    0x08003956   0x00000012   Code   RO          265    .text               mf_w.l(fflti.o)(mf_w.l)
    0x08003968   0x0000000a   Code   RO          267    .text               mf_w.l(ffltui.o)(mf_w.l)
    0x08003972   0x00000022   Code   RO          269    .text               mf_w.l(dflti.o)(mf_w.l)
    0x08003994   0x00000028   Code   RO          271    .text               mf_w.l(ffixui.o)(mf_w.l)
    0x080039bc   0x0000002e   Code   RO          273    .text               mf_w.l(dfixui.o)(mf_w.l)
    0x080039ea   0x00000002   PAD
    0x080039ec   0x00000014   Code   RO          275    .text               mf_w.l(cfrcmple.o)(mf_w.l)
    0x08003a00   0x0000001e   Code   RO          282    .text               mc_w.l(llshl.o)(mc_w.l)
    0x08003a1e   0x00000020   Code   RO          284    .text               mc_w.l(llushr.o)(mc_w.l)
    0x08003a3e   0x00000024   Code   RO          286    .text               mc_w.l(llsshr.o)(mc_w.l)
    0x08003a62   0x00000000   Code   RO          288    .text               mc_w.l(iusefp.o)(mc_w.l)
    0x08003a62   0x00000070   Code   RO          289    .text               mf_w.l(fepilogue.o)(mf_w.l)
    0x08003ad2   0x000000c2   Code   RO          291    .text               mf_w.l(depilogue.o)(mf_w.l)
    0x08003b94   0x00000024   Code   RO          293    .text               mc_w.l(init.o)(mc_w.l)
    0x08003bb8   0x0000000e   Code   RO          297    i.__scatterload_copy  mc_w.l(handlers.o)(mc_w.l)
    0x08003bc6   0x00000002   Code   RO          298    i.__scatterload_null  mc_w.l(handlers.o)(mc_w.l)
    0x08003bc8   0x0000000e   Code   RO          299    i.__scatterload_zeroinit  mc_w.l(handlers.o)(mc_w.l)
    0x08003bd6   0x000017d0   Data   RO          100    .constdata          app_tft.o
    0x080053a6   0x0000000a   Data   RO            2    .conststring        main.o
    0x080053b0   0x00000020   Data   RO          295    Region$$Table       anon$$obj.o


    Execution Region RW_IRAM1 (Base: 0x20000000, Size: 0x000006b0, Max: 0x00010000, ABSOLUTE)

    Base Addr    Size         Type   Attr      Idx    E Section Name        Object

    0x20000000   0x00000011   Data   RW            3    .data               main.o
    0x20000011   0x00000001   PAD
    0x20000012   0x00000008   Data   RW           71    .data               stm32f10x_it.o
    0x2000001a   0x00000072   Data   RW          119    .data               app_tetris.o
    0x2000008c   0x00000014   Data   RW          149    .data               system_stm32f10x.o
    0x200000a0   0x00000014   Data   RW          222    .data               stm32f10x_rcc.o
    0x200000b4   0x00000004   Data   RW          251    .data               mc_w.l(rand.o)(mc_w.l)
    0x200000b8   0x000001f8   Zero   RW          118    .bss                app_tetris.o
    0x200002b0   0x00000400   Zero   RW          166    STACK               startup_stm32f10x_hd.o


==============================================================================

Image component sizes


      Code (inc. data)   RO Data    RW Data    ZI Data      Debug   Object Name

      2568         72          0        114        504          0   app_tetris.o
      2916         56       6096          0          0          0   app_tft.o
       172         14          0          0          0          0   app_usart1.o
         0          0          0          0          0          0   core_cm3.o
       264         50         10         17          0          0   main.o
       248         30          0          0          0          0   misc.o
        36          8        304          0       1024          0   startup_stm32f10x_hd.o
       316         28          0          0          0          0   stm32f10x_exti.o
      1560         54          0          0          0          0   stm32f10x_fsmc.o
       856         40          0          0          0          0   stm32f10x_gpio.o
      1768        222          0          8          0          0   stm32f10x_it.o
       932         52          0         20          0          0   stm32f10x_rcc.o
      1036         20          0          0          0          0   stm32f10x_usart.o
       456         36          0         20          0          0   system_stm32f10x.o

    ----------------------------------------------------------------------
     13128        682       6442        180       1528          0   Object Totals
         0          0         32          0          0          0   (incl. Generated)
         0          0          0          1          0          0   (incl. Padding)

    ----------------------------------------------------------------------

      Code (inc. data)   RO Data    RW Data    ZI Data      Debug   Library Member Name

         0          0          0          0          0          0   entry.o
         8          4          0          0          0          0   entry2.o
         4          0          0          0          0          0   entry5.o
         8          4          0          0          0          0   entry7.o
        30          0          0          0          0          0   handlers.o
        36          8          0          0          0          0   init.o
         0          0          0          0          0          0   iusefp.o
        30          0          0          0          0          0   llshl.o
        36          0          0          0          0          0   llsshr.o
        32          0          0          0          0          0   llushr.o
        36         10          0          4          0          0   rand.o
        20          0          0          0          0          0   cfrcmple.o
       330          0          0          0          0          0   dadd.o
       222          0          0          0          0          0   ddiv.o
       194          0          0          0          0          0   depilogue.o
        46          0          0          0          0          0   dfixui.o
        34          0          0          0          0          0   dflti.o
       226          0          0          0          0          0   dmul.o
       176          0          0          0          0          0   fadd.o
       128          0          0          0          0          0   fdiv.o
       112          0          0          0          0          0   fepilogue.o
        40          0          0          0          0          0   ffixui.o
        18          0          0          0          0          0   fflti.o
        10          0          0          0          0          0   ffltui.o
       108          0          0          0          0          0   fmul.o

    ----------------------------------------------------------------------
      1886         26          0          4          0          0   Library Totals
         2          0          0          0          0          0   (incl. Padding)

    ----------------------------------------------------------------------

      Code (inc. data)   RO Data    RW Data    ZI Data      Debug   Library Name

       220         26          0          4          0        408   mc_w.l
      1664          0          0          0          0       1416   mf_w.l

    ----------------------------------------------------------------------
      1886         26          0          4          0          0   Library Totals

    ----------------------------------------------------------------------

==============================================================================


      Code (inc. data)   RO Data    RW Data    ZI Data      Debug   

     15014        708       6442        184       1528     307556   Grand Totals
     15014        708       6442        184       1528     307556   ELF Image Totals
     15014        708       6442        184          0          0   ROM Totals

==============================================================================

    Total RO  Size (Code + RO Data)                21456 (  20.95kB)
    Total RW  Size (RW Data + ZI Data)              1712 (   1.67kB)
    Total ROM Size (Code + RO Data + RW Data)      21640 (  21.13kB)

==============================================================================

